// Jest Snapshot v1, https://goo.gl/fbAQLP

exports[`Sidebar test matches a snapshot 1`] = `
<div>
  <div>
    <div
      className="search"
    >
      <input
        name="search"
        onChange={[Function]}
        placeholder="Search..."
        type="text"
      />
      <button
        className="btn"
        onClick={[Function]}
        type="submit"
        value="submit"
      >
        Search
      </button>
    </div>
    <div
      className="details"
    >
      <table
        className="tbody"
      >
        <thead>
          <tr>
            <th>
              FIRST NAME
            </th>
            <th>
              LAST NAME
            </th>
            <th>
              GENDER
            </th>
            <th>
              REGISTRATION DATE
            </th>
            <th>
              DATE OF BIRTH
            </th>
          </tr>
        </thead>
        <tbody>
          <tr>
            <td>
              Arun
            </td>
            <td>
              Kumar
            </td>
            <td>
              Male
            </td>
            <td>
              2021-06-05
            </td>
            <td>
              1976-05-27
            </td>
          </tr>
          <tr>
            <td>
              Varun
            </td>
            <td>
              Kumar
            </td>
            <td>
              Male
            </td>
            <td>
              2021-06-05
            </td>
            <td>
              1976-04-23
            </td>
          </tr>
          <tr>
            <td>
              Arun
            </td>
            <td>
              Kumar
            </td>
            <td>
              Male
            </td>
            <td>
              2021-06-05
            </td>
            <td>
              1976-05-27
            </td>
          </tr>
          <tr>
            <td>
              Ranjan
            </td>
            <td>
              Sharma
            </td>
            <td>
              Male
            </td>
            <td>
              2021-06-05
            </td>
            <td>
              1976-05-27
            </td>
          </tr>
          <tr>
            <td>
              Charan
            </td>
            <td>
              R
            </td>
            <td>
              Male
            </td>
            <td>
              2021-05-07
            </td>
            <td>
              1994-07-17
            </td>
          </tr>
          <tr>
            <td>
              Narendra
            </td>
            <td>
              S
            </td>
            <td>
              Male
            </td>
            <td>
              2021-04-07
            </td>
            <td>
              1999-07-17
            </td>
          </tr>
          <tr>
            <td>
              Roopa
            </td>
            <td>
              S
            </td>
            <td>
              Female
            </td>
            <td>
              2021-03-06
            </td>
            <td>
              1989-05-07
            </td>
          </tr>
          <tr>
            <td>
              Nikhil
            </td>
            <td>
              L
            </td>
            <td>
              Male
            </td>
            <td>
              2021-06-04
            </td>
            <td>
              1999-03-09
            </td>
          </tr>
          <tr>
            <td>
              Raju
            </td>
            <td>
              R
            </td>
            <td>
              Male
            </td>
            <td>
              2021-03-06
            </td>
            <td>
              1989-05-07
            </td>
          </tr>
          <tr>
            <td>
              Charan
            </td>
            <td>
              R
            </td>
            <td>
              Male
            </td>
            <td>
              2021-05-07
            </td>
            <td>
              1994-07-17
            </td>
          </tr>
          <tr>
            <td>
              Apoorva
            </td>
            <td>
              Vasist
            </td>
            <td>
              Female
            </td>
            <td>
              2021-04-06
            </td>
            <td>
              1997-03-08
            </td>
          </tr>
        </tbody>
      </table>
    </div>
  </div>
  <div
    className="Sidebar"
  >
    <div
      className="welcome"
    >
      Welcome
    </div>
    <ul
      className="SidebarList"
    >
      <li
        className="row"
        name="Patient Details"
        onClick={[Function]}
      >
        <div
          className="active"
          id="title"
        >
          Patient Details
        </div>
      </li>
      <li
        className="row"
        name="Register"
        onClick={[Function]}
      >
        <div
          className=""
          id="title"
        >
          Register
        </div>
      </li>
      <li
        className="row"
        name="Logout"
        onClick={[Function]}
      >
        <div
          className=""
          id="title"
        >
          Logout
        </div>
      </li>
    </ul>
  </div>
</div>
`;
